// Jest Snapshot v1, https://goo.gl/fbAQLP

exports[`OcResource displays parent folder name default if calculated name is empty 1`] = `
<div class="oc-resource oc-text-overflow"><button type="button" class="oc-button oc-rounded oc-button-m oc-button-justify-content-left oc-button-gap-undefined oc-button-passive oc-button-passive-raw">
    <oc-icon-stub name="resource-type-pdf" filltype="fill" accessiblelabel="" type="span" size="large" variation="passive" color="var(--oc-color-icon-pdf)" class="oc-resource-icon oc-resource-icon-file"></oc-icon-stub>
  </button>
  <div class="oc-resource-details oc-text-overflow"><button type="button" class="oc-text-overflow oc-button oc-rounded oc-button-m oc-button-justify-content-left oc-button-gap-undefined oc-button-passive oc-button-passive-raw">
      <!----> <span class="oc-resource-name-wrapper"><span data-test-resource-path="example.pdf" data-test-resource-name="example.pdf" data-test-resource-type="file" class="oc-resource-name"><span class="oc-text-truncate"><span class="oc-resource-basename">example</span></span> <span class="oc-resource-extension">.pdf</span></span> <button type="button" class="oc-resource-rename oc-button oc-rounded oc-button-m oc-button-justify-content-center oc-button-gap-m oc-button-passive oc-button-passive-raw">
        <oc-icon-stub name="edit-2" filltype="line" accessiblelabel="" type="span" size="small" variation="passive" color=""></oc-icon-stub>
      </button></span>
    </button>
    <div class="oc-resource-indicators"><span class="parent-folder" style="cursor: default;"><oc-icon-stub name="folder-2" filltype="line" accessiblelabel="" type="span" size="small" variation="passive" color=""></oc-icon-stub> <span class="text">Example parent folder name</span></span></div>
  </div>
</div>
`;
